16:46:36 ENTER: queued interrupt msg='1，你要和小黄生成一个新对话。2，你要把期末论文要求中的所有文件都给小黄看才行', agent_running=True
16:46:36 interrupt fired: msg='1，你要和小黄生成一个新对话。2，你要把期末论文要求中的所有文件都给小黄看才行', children=0, parent._interrupt=True
19:40:15 ENTER: queued interrupt msg='的评价，错误尽量不要在CW@上犯', agent_running=True
19:40:15 interrupt fired: msg='的评价，错误尽量不要在CW@上犯', children=0, parent._interrupt=True
20:00:22 ENTER: queued interrupt msg='字数在2000字以内，不是1000字。你再去研究一下，是不是拿错要求文档了', agent_running=True
20:00:22 interrupt fired: msg='字数在2000字以内，不是1000字。你再去研究一下，是不是拿错要求文档了', children=0, parent._interrupt=True
15:29:46 interrupt fired: msg='https://stanfort.turnitin.com/viewer/submissions/oid:31283:1', children=0, parent._interrupt=True
15:29:46 ENTER: queued interrupt msg='https://stanfort.turnitin.com/viewer/submissions/oid:31283:1', agent_running=True
16:05:59 ENTER: queued interrupt msg='汇报情况', agent_running=True
16:05:59 interrupt fired: msg='汇报情况', children=0, parent._interrupt=True
16:12:07 interrupt fired: msg='继续改进。', children=0, parent._interrupt=True
16:12:07 ENTER: queued interrupt msg='继续改进。', agent_running=True
16:12:39 ENTER: queued interrupt msg='第一，拼写和数字零错误。 导师在CW1专门提到typos是主要失分原因，CW2中所有EViews输出的数字、变量名、统计', agent_running=True
16:12:39 interrupt fired: msg='第一，拼写和数字零错误。 导师在CW1专门提到typos是主要失分原因，CW2中所有EViews输出的数字、变量名、统计', children=0, parent._interrupt=True
16:14:03 ENTER: queued interrupt msg='这些要求你都收到了吗，在改进了吗', agent_running=True
16:14:03 interrupt fired: msg='这些要求你都收到了吗，在改进了吗', children=0, parent._interrupt=True
16:14:46 interrupt fired: msg='哈咯？', children=0, parent._interrupt=True
16:14:46 ENTER: queued interrupt msg='哈咯？', agent_running=True
16:14:51 interrupt fired: msg='哈咯？', children=0, parent._interrupt=True
16:14:51 ENTER: queued interrupt msg='哈咯？', agent_running=True
16:15:12 interrupt fired: msg='先归档', children=0, parent._interrupt=True
16:15:12 ENTER: queued interrupt msg='先归档', agent_running=True
16:53:56 ENTER: queued interrupt msg='对比一下我们论文的ev截图和两个同学论文的ev截图是否对的上，我们的数据和理论有没有问题', agent_running=True
16:53:56 interrupt fired: msg='对比一下我们论文的ev截图和两个同学论文的ev截图是否对的上，我们的数据和理论有没有问题', children=0, parent._interrupt=True
17:50:05 ENTER: queued interrupt msg='我需要你接入到wechat中，我可以直接在wechat中呼叫你完成任务', agent_running=True
17:50:05 interrupt fired: msg='我需要你接入到wechat中，我可以直接在wechat中呼叫你完成任务', children=0, parent._interrupt=True
09:16:07 interrupt fired: msg='为什么你老是在搜索框打啊啊啊啊啊啊啊啊', children=0, parent._interrupt=True
09:16:07 ENTER: queued interrupt msg='为什么你老是在搜索框打啊啊啊啊啊啊啊啊', agent_running=True
14:56:52 ENTER: queued interrupt msg='继续', agent_running=True
14:56:52 interrupt fired: msg='继续', children=1, parent._interrupt=True
  child[0]._interrupt=True
15:54:49 ENTER: queued interrupt msg='继续', agent_running=True
15:54:49 interrupt fired: msg='继续', children=1, parent._interrupt=True
  child[0]._interrupt=True
20:28:33 ENTER: queued interrupt msg='/var/folders/cg/r700rbys7lgbqn285l_j5ph80000gn/T/TemporaryIt', agent_running=True
20:28:33 interrupt fired: msg='/var/folders/cg/r700rbys7lgbqn285l_j5ph80000gn/T/TemporaryIt', children=0, parent._interrupt=True
20:28:44 ENTER: queued interrupt msg='检查是怎么回事，无法从url调用模型', agent_running=True
20:28:51 interrupt fired: msg='检查是怎么回事，无法从url调用模型', children=0, parent._interrupt=True
20:46:11 interrupt fired: msg='https://toapis.com/v1这是url，sk-GcRE8vsrpl70tAc4PPkZzGcESNl9Oi', children=0, parent._interrupt=True
20:46:11 ENTER: queued interrupt msg='https://toapis.com/v1这是url，sk-GcRE8vsrpl70tAc4PPkZzGcESNl9Oi', agent_running=True
21:28:40 interrupt fired: msg='你要自己知道给你的url中哪些模型可以用来生成图片，哪些可以用来生成视频。这些你得做成skills而且要每日更新，但是不', children=0, parent._interrupt=True
21:28:40 ENTER: queued interrupt msg='你要自己知道给你的url中哪些模型可以用来生成图片，哪些可以用来生成视频。这些你得做成skills而且要每日更新，但是不', agent_running=True
22:37:38 interrupt fired: msg='素材框还是一直粘着鼠标指针', children=0, parent._interrupt=True
22:37:38 ENTER: queued interrupt msg='素材框还是一直粘着鼠标指针', agent_running=True
01:04:24 interrupt fired: msg='研究完后发我wechat', children=3, parent._interrupt=True
  child[0]._interrupt=True
  child[1]._interrupt=True
  child[2]._interrupt=True
01:04:24 ENTER: queued interrupt msg='研究完后发我wechat', agent_running=True
20:58:32 interrupt fired: msg='/var/folders/cg/r700rbys7lgbqn285l_j5ph80000gn/T/TemporaryIt', children=0, parent._interrupt=True
20:58:32 ENTER: queued interrupt msg='/var/folders/cg/r700rbys7lgbqn285l_j5ph80000gn/T/TemporaryIt', agent_running=True
18:47:48 ENTER: queued interrupt msg='；不是', agent_running=True
18:47:48 interrupt fired: msg='；不是', children=0, parent._interrupt=True
18:47:54 ENTER: queued interrupt msg='你不是接入了wechat吗', agent_running=True
18:47:54 interrupt fired: msg='你不是接入了wechat吗', children=0, parent._interrupt=True
18:48:04 ENTER: queued interrupt msg='用你的wechat机器人发给我', agent_running=True
18:48:04 interrupt fired: msg='用你的wechat机器人发给我', children=0, parent._interrupt=True
20:59:39 ENTER: queued interrupt msg='这个选手们', agent_running=True
20:59:41 ENTER: queued interrupt msg='这个选什么', agent_running=True
20:59:55 interrupt fired: msg='这个选手们', children=0, parent._interrupt=True
21:56:05 interrupt fired: msg='暂停', children=0, parent._interrupt=True
21:56:05 ENTER: queued interrupt msg='暂停', agent_running=True
23:26:44 ENTER: queued interrupt msg='优先使用你的skills啊，这不是写进你的soul.文件的吗，遇到问题，执行任务全部优先使用skills，除非没有ski', agent_running=True
23:26:44 interrupt fired: msg='优先使用你的skills啊，这不是写进你的soul.文件的吗，遇到问题，执行任务全部优先使用skills，除非没有ski', children=0, parent._interrupt=True
23:42:30 ENTER: queued interrupt msg='什么情况？', agent_running=True
23:42:30 interrupt fired: msg='什么情况？', children=2, parent._interrupt=True
  child[0]._interrupt=True
  child[1]._interrupt=True
23:48:06 ENTER: queued interrupt msg='你到底怎么了', agent_running=True
23:48:06 interrupt fired: msg='你到底怎么了', children=0, parent._interrupt=True
13:15:42 interrupt fired: msg='暂停', children=0, parent._interrupt=True
13:15:42 ENTER: queued interrupt msg='暂停', agent_running=True
13:16:10 ENTER: queued interrupt msg='你先看看hermes是否有更新版本，如果有给我一份报告新增了什么内容', agent_running=True
13:16:10 interrupt fired: msg='你先看看hermes是否有更新版本，如果有给我一份报告新增了什么内容', children=0, parent._interrupt=True
15:07:48 ENTER: queued interrupt msg='你浏览器直接打开给我看', agent_running=True
15:07:48 interrupt fired: msg='你浏览器直接打开给我看', children=0, parent._interrupt=True
15:12:08 ENTER: queued interrupt msg='逻辑', agent_running=True
15:12:08 interrupt fired: msg='逻辑', children=0, parent._interrupt=True
16:16:59 ENTER: queued interrupt msg='先研究原因', agent_running=True
16:17:16 interrupt fired: msg='先研究原因', children=0, parent._interrupt=True
16:22:08 ENTER: queued interrupt msg='你先研究明白是什么原因。', agent_running=True
16:22:25 interrupt fired: msg='你先研究明白是什么原因。', children=0, parent._interrupt=True
16:27:44 interrupt fired: msg='这一点就用到你查看tapnow的工作流逻辑了，包括他的插入和生成素材框架是怎么做成的', children=0, parent._interrupt=True
16:27:44 ENTER: queued interrupt msg='这一点就用到你查看tapnow的工作流逻辑了，包括他的插入和生成素材框架是怎么做成的', agent_running=True
17:07:31 ENTER: queued interrupt msg='现在的架构过于劣质，移动素材框等流畅度不够', agent_running=True
17:07:31 interrupt fired: msg='现在的架构过于劣质，移动素材框等流畅度不够', children=0, parent._interrupt=True
17:52:33 ENTER: queued interrupt msg='没性能优化前是正常的，看看有没有其他bug影响要深入研究。', agent_running=True
17:52:33 interrupt fired: msg='没性能优化前是正常的，看看有没有其他bug影响要深入研究。', children=0, parent._interrupt=True
18:15:38 ENTER: queued interrupt msg='你先检查情况，到底是优化哪里影响到了', agent_running=True
18:15:38 interrupt fired: msg='你先检查情况，到底是优化哪里影响到了', children=0, parent._interrupt=True
18:34:37 ENTER: queued interrupt msg='点击页面所有地方无反应', agent_running=True
18:34:37 interrupt fired: msg='点击页面所有地方无反应', children=0, parent._interrupt=True
18:40:44 ENTER: queued interrupt msg='什么情况', agent_running=True
18:40:44 interrupt fired: msg='什么情况', children=0, parent._interrupt=True
23:34:59 ENTER: queued interrupt msg='只是删除这个类目显示，因为我们其他类目都可以自由融合了，不需要特别加一个这个类目', agent_running=True
23:34:59 interrupt fired: msg='只是删除这个类目显示，因为我们其他类目都可以自由融合了，不需要特别加一个这个类目', children=0, parent._interrupt=True
11:41:16 ENTER: queued interrupt msg='继续1', agent_running=True
11:41:16 interrupt fired: msg='继续1', children=2, parent._interrupt=True
  child[0]._interrupt=True
  child[1]._interrupt=True
15:32:08 interrupt fired: msg='继续', children=0, parent._interrupt=True
15:32:08 ENTER: queued interrupt msg='继续', agent_running=True
17:48:30 ENTER: queued interrupt msg='/var/folders/cg/r700rbys7lgbqn285l_j5ph80000gn/T/TemporaryIt', agent_running=True
17:48:30 interrupt fired: msg='/var/folders/cg/r700rbys7lgbqn285l_j5ph80000gn/T/TemporaryIt', children=0, parent._interrupt=True
19:32:15 ENTER: queued interrupt msg='先搞清楚什么原因报告给我', agent_running=True
19:32:25 interrupt fired: msg='先搞清楚什么原因报告给我', children=0, parent._interrupt=True
19:48:07 ENTER: queued interrupt msg='我已经充值了', agent_running=True
19:48:07 interrupt fired: msg='我已经充值了', children=0, parent._interrupt=True
23:07:41 ENTER: queued interrupt msg='怎么都是素材2，全部重复', agent_running=True
23:07:51 interrupt fired: msg='怎么都是素材2，全部重复', children=0, parent._interrupt=True
23:21:00 ENTER: queued interrupt msg='触发', agent_running=True
23:21:00 interrupt fired: msg='触发', children=0, parent._interrupt=True
23:41:39 ENTER: queued interrupt msg='你先去看看tapnow是怎么做的', agent_running=True
23:41:39 interrupt fired: msg='你先去看看tapnow是怎么做的', children=0, parent._interrupt=True
03:31:50 interrupt fired: msg='你先调查参考tapnow是怎么做多上端连接上传的', children=0, parent._interrupt=True
03:31:50 ENTER: queued interrupt msg='你先调查参考tapnow是怎么做多上端连接上传的', agent_running=True
07:56:45 ENTER: queued interrupt msg='选择模型的时候素材框和鼠标粘连', agent_running=True
07:56:45 interrupt fired: msg='选择模型的时候素材框和鼠标粘连', children=0, parent._interrupt=True
17:11:01 interrupt fired: msg='/var/folders/cg/r700rbys7lgbqn285l_j5ph80000gn/T/TemporaryIt', children=0, parent._interrupt=True
17:11:01 ENTER: queued interrupt msg='/var/folders/cg/r700rbys7lgbqn285l_j5ph80000gn/T/TemporaryIt', agent_running=True
17:31:24 ENTER: queued interrupt msg='尺寸', agent_running=True
17:31:46 interrupt fired: msg='尺寸', children=0, parent._interrupt=True
22:55:15 ENTER: queued interrupt msg='归档保存到antoken项目进度到0.6', agent_running=True
22:55:15 interrupt fired: msg='归档保存到antoken项目进度到0.6', children=0, parent._interrupt=True
21:43:17 ENTER: queued interrupt msg='你前后端开起来', agent_running=True
21:43:38 interrupt fired: msg='你前后端开起来', children=0, parent._interrupt=True
06:52:29 interrupt fired: msg='先做研究和给我回答，不要去改', children=0, parent._interrupt=True
06:52:29 ENTER: queued interrupt msg='先做研究和给我回答，不要去改', agent_running=True
09:50:14 interrupt fired: msg='你能看吗？', children=0, parent._interrupt=True
09:50:14 ENTER: queued interrupt msg='你能看吗？', agent_running=True
10:02:32 interrupt fired: msg='什么情况', children=0, parent._interrupt=True
10:02:32 ENTER: queued interrupt msg='什么情况', agent_running=True
10:02:36 ENTER: queued interrupt msg='为什么卡住了', agent_running=True
10:02:36 interrupt fired: msg='为什么卡住了', children=0, parent._interrupt=True
10:06:25 interrupt fired: msg='拖拽进来的文件作为上游连接全部报错无法连接。你的拖拽进入画布的素材上传有问题吗，你先去参考学习tapnow的拖拽上传逻辑', children=0, parent._interrupt=True
10:06:25 ENTER: queued interrupt msg='拖拽进来的文件作为上游连接全部报错无法连接。你的拖拽进入画布的素材上传有问题吗，你先去参考学习tapnow的拖拽上传逻辑', agent_running=True
10:42:57 ENTER: queued interrupt msg='为什么连导入一个素材上传都能一直报错', agent_running=True
10:43:02 interrupt fired: msg='为什么连导入一个素材上传都能一直报错', children=0, parent._interrupt=True
11:00:59 ENTER: queued interrupt msg='/var/folders/cg/r700rbys7lgbqn285l_j5ph80000gn/T/TemporaryIt', agent_running=True
11:00:59 interrupt fired: msg='/var/folders/cg/r700rbys7lgbqn285l_j5ph80000gn/T/TemporaryIt', children=0, parent._interrupt=True
11:01:05 ENTER: queued interrupt msg='暂停！！！！！', agent_running=True
11:01:13 interrupt fired: msg='暂停！！！！！', children=0, parent._interrupt=True
00:17:02 ENTER: queued interrupt msg='暂停', agent_running=True
00:17:02 interrupt fired: msg='暂停', children=0, parent._interrupt=True
01:41:01 interrupt fired: msg='这个问题之间遇见过，你检查一下看看之前是怎么修复的', children=0, parent._interrupt=True
01:41:01 ENTER: queued interrupt msg='这个问题之间遇见过，你检查一下看看之前是怎么修复的', agent_running=True
02:32:45 ENTER: queued interrupt msg='你先去查一下tapnow等网站如何设置回退的工作逻辑，再来操作修改', agent_running=True
02:32:45 interrupt fired: msg='你先去查一下tapnow等网站如何设置回退的工作逻辑，再来操作修改', children=0, parent._interrupt=True
03:36:10 ENTER: queued interrupt msg='报告情况', agent_running=True
03:36:10 interrupt fired: msg='报告情况', children=0, parent._interrupt=True
03:40:57 interrupt fired: msg='你虽然选择默认时1:1，但是生成出来的预览框却不是1:1的', children=0, parent._interrupt=True
03:40:57 ENTER: queued interrupt msg='你虽然选择默认时1:1，但是生成出来的预览框却不是1:1的', agent_running=True
05:39:40 interrupt fired: msg='你先去研究再来解决这个问题', children=0, parent._interrupt=True
05:39:40 ENTER: queued interrupt msg='你先去研究再来解决这个问题', agent_running=True
06:10:12 ENTER: queued interrupt msg='我也忘记了啊', agent_running=True
06:10:12 interrupt fired: msg='我也忘记了啊', children=0, parent._interrupt=True
07:26:57 ENTER: queued interrupt msg='sk-GcRE8vsrpl70tAc4PPkZzGcESNl9Oi7ZGhcwHxIRaelaU0lq', agent_running=True
07:26:57 interrupt fired: msg='sk-GcRE8vsrpl70tAc4PPkZzGcESNl9Oi7ZGhcwHxIRaelaU0lq', children=0, parent._interrupt=True
08:30:05 ENTER: queued interrupt msg='什么情况现在', agent_running=True
08:30:05 interrupt fired: msg='什么情况现在', children=0, parent._interrupt=True
08:54:23 ENTER: queued interrupt msg='/var/folders/cg/r700rbys7lgbqn285l_j5ph80000gn/T/TemporaryIt', agent_running=True
08:54:23 interrupt fired: msg='/var/folders/cg/r700rbys7lgbqn285l_j5ph80000gn/T/TemporaryIt', children=0, parent._interrupt=True
18:44:08 ENTER: queued interrupt msg='sb_publishable_EzS78GKlb4ceDKAts966zw_V1DRa0ce', agent_running=True
18:44:08 interrupt fired: msg='sb_publishable_EzS78GKlb4ceDKAts966zw_V1DRa0ce', children=0, parent._interrupt=True
19:36:20 interrupt fired: msg='eyJhbGciOiJIUzI1NiIsInR5cCI6IkpXVCJ9.eyJpc3MiOiJzdXBhYmFzZSI', children=0, parent._interrupt=True
19:36:20 ENTER: queued interrupt msg='eyJhbGciOiJIUzI1NiIsInR5cCI6IkpXVCJ9.eyJpc3MiOiJzdXBhYmFzZSI', agent_running=True
02:16:28 interrupt fired: msg='记住，每完成一个环节就要同步到github上，然后归档防止意外关机丢失进程', children=0, parent._interrupt=True
02:16:28 ENTER: queued interrupt msg='记住，每完成一个环节就要同步到github上，然后归档防止意外关机丢失进程', agent_running=True
03:15:37 ENTER: queued interrupt msg='特别是每个模型对话交流板块ui设计，需要借鉴tapnow的功能架构', agent_running=True
03:15:37 interrupt fired: msg='特别是每个模型对话交流板块ui设计，需要借鉴tapnow的功能架构', children=0, parent._interrupt=True
04:51:39 ENTER: queued interrupt msg='报告情况', agent_running=True
04:51:39 interrupt fired: msg='报告情况', children=0, parent._interrupt=True
05:20:32 ENTER: queued interrupt msg='暂停', agent_running=True
05:20:32 interrupt fired: msg='暂停', children=0, parent._interrupt=True
17:07:41 interrupt fired: msg='暂停', children=0, parent._interrupt=True
17:07:41 ENTER: queued interrupt msg='暂停', agent_running=True
19:53:19 interrupt fired: msg='你全部改成jotai就行了啊，没必要再去兼容zustand', children=0, parent._interrupt=True
19:53:19 ENTER: queued interrupt msg='你全部改成jotai就行了啊，没必要再去兼容zustand', agent_running=True
20:38:46 interrupt fired: msg='生成素材还是卡住啊，你检查一下和v1有什么区别，v1是能正常跑的。', children=0, parent._interrupt=True
20:38:46 ENTER: queued interrupt msg='生成素材还是卡住啊，你检查一下和v1有什么区别，v1是能正常跑的。', agent_running=True
20:39:05 interrupt fired: msg='预览也跳不出来。', children=0, parent._interrupt=True
20:39:05 ENTER: queued interrupt msg='预览也跳不出来。', agent_running=True
21:40:25 ENTER: queued interrupt msg='你要把所有完整的内容给我，我发给小黄让他给我们做分析', agent_running=True
21:40:25 interrupt fired: msg='你要把所有完整的内容给我，我发给小黄让他给我们做分析', children=0, parent._interrupt=True
06:13:25 ENTER: queued interrupt msg='我再和你确认一遍，我们现在的项目不再让用户自定义api了。', agent_running=True
06:13:25 interrupt fired: msg='我再和你确认一遍，我们现在的项目不再让用户自定义api了。', children=0, parent._interrupt=True
08:18:22 ENTER: queued interrupt msg='4. 上传素材后预览自动更新', agent_running=True
08:18:23 ENTER: queued interrupt msg='5. 代码中无 `as NodeData`、无 `fileInputRef`、无无用导入', agent_running=True
08:18:23 interrupt fired: msg='4. 上传素材后预览自动更新', children=0, parent._interrupt=True
08:18:37 ENTER: queued interrupt msg='必须严格按照要求修改。', agent_running=True
08:18:37 interrupt fired: msg='必须严格按照要求修改。', children=0, parent._interrupt=True
08:18:57 ENTER: queued interrupt msg='完成后再经过bdd和tdd验证', agent_running=True
08:18:57 interrupt fired: msg='完成后再经过bdd和tdd验证', children=0, parent._interrupt=True
09:51:22 ENTER: queued interrupt msg='sk-GcRE8vsrpl70tAc4PPkZzGcESNl9Oi7ZGhcwHxIRaelaU0lq', agent_running=True
09:51:22 interrupt fired: msg='sk-GcRE8vsrpl70tAc4PPkZzGcESNl9Oi7ZGhcwHxIRaelaU0lq', children=0, parent._interrupt=True
12:16:17 ENTER: queued interrupt msg='模块6超长了，再细分一下', agent_running=True
12:16:17 interrupt fired: msg='模块6超长了，再细分一下', children=0, parent._interrupt=True
14:18:18 ENTER: queued interrupt msg='我要你一比一复刻，不是简单的相似或者风格相同', agent_running=True
14:18:18 interrupt fired: msg='我要你一比一复刻，不是简单的相似或者风格相同', children=0, parent._interrupt=True
16:15:15 ENTER: queued interrupt msg='报告一下情况', agent_running=True
16:15:15 interrupt fired: msg='报告一下情况', children=1, parent._interrupt=True
  child[0]._interrupt=True
23:27:12 interrupt fired: msg='全部乱码', children=0, parent._interrupt=True
23:27:12 ENTER: queued interrupt msg='全部乱码', agent_running=True
12:17:48 interrupt fired: msg='你把这些代码生成一个测试网站我看看，不需要有实际工作内容，我只要看画布，生成的节点ui，动画效果。', children=0, parent._interrupt=True
12:17:48 ENTER: queued interrupt msg='你把这些代码生成一个测试网站我看看，不需要有实际工作内容，我只要看画布，生成的节点ui，动画效果。', agent_running=True
14:44:52 ENTER: queued interrupt msg='暂停', agent_running=True
14:44:52 interrupt fired: msg='暂停', children=0, parent._interrupt=True
14:48:57 interrupt fired: msg='回退到没有改过素材框ui为tapnow风格的时候', children=0, parent._interrupt=True
14:48:57 ENTER: queued interrupt msg='回退到没有改过素材框ui为tapnow风格的时候', agent_running=True
14:56:21 ENTER: queued interrupt msg='回退到昨天发完模版6e的版本', agent_running=True
14:56:21 interrupt fired: msg='回退到昨天发完模版6e的版本', children=0, parent._interrupt=True
13:33:44 ENTER: queued interrupt msg='现在不是2026年7月6日下午13.31吗？', agent_running=True
13:33:44 interrupt fired: msg='现在不是2026年7月6日下午13.31吗？', children=0, parent._interrupt=True
19:47:24 ENTER: queued interrupt msg='图片自己在word文件中看', agent_running=True
19:47:24 interrupt fired: msg='图片自己在word文件中看', children=0, parent._interrupt=True
20:49:28 ENTER: queued interrupt msg='/Users/macpro/Desktop/画布网站-源码 这个文件工程师反馈前端打开后访问不了页面是什么情况', agent_running=True
20:49:28 interrupt fired: msg='/Users/macpro/Desktop/画布网站-源码 这个文件工程师反馈前端打开后访问不了页面是什么情况', children=0, parent._interrupt=True
20:49:40 interrupt fired: msg='/Users/macpro/Library/Containers/com.tencent.xinWeChat/Data/', children=0, parent._interrupt=True
20:49:40 ENTER: queued interrupt msg='/Users/macpro/Library/Containers/com.tencent.xinWeChat/Data/', agent_running=True
20:52:31 interrupt fired: msg='弄好放到桌面，记住得是画布项目所有代码，要用规范的形式整理好放到桌面', children=0, parent._interrupt=True
20:52:31 ENTER: queued interrupt msg='弄好放到桌面，记住得是画布项目所有代码，要用规范的形式整理好放到桌面', agent_running=True
21:02:27 ENTER: queued interrupt msg='/var/folders/cg/r700rbys7lgbqn285l_j5ph80000gn/T/TemporaryIt', agent_running=True
21:02:27 interrupt fired: msg='/var/folders/cg/r700rbys7lgbqn285l_j5ph80000gn/T/TemporaryIt', children=0, parent._interrupt=True
21:36:46 interrupt fired: msg='等知名网站设计看看动态设计', children=0, parent._interrupt=True
21:36:46 ENTER: queued interrupt msg='等知名网站设计看看动态设计', agent_running=True
21:42:46 ENTER: queued interrupt msg='/var/folders/cg/r700rbys7lgbqn285l_j5ph80000gn/T/TemporaryIt', agent_running=True
21:42:46 interrupt fired: msg='/var/folders/cg/r700rbys7lgbqn285l_j5ph80000gn/T/TemporaryIt', children=0, parent._interrupt=True
22:08:06 ENTER: queued interrupt msg='/var/folders/cg/r700rbys7lgbqn285l_j5ph80000gn/T/TemporaryIt', agent_running=True
22:08:06 interrupt fired: msg='/var/folders/cg/r700rbys7lgbqn285l_j5ph80000gn/T/TemporaryIt', children=0, parent._interrupt=True
22:38:32 ENTER: queued interrupt msg='暂停。', agent_running=True
22:38:32 interrupt fired: msg='暂停。', children=0, parent._interrupt=True
13:22:37 ENTER: queued interrupt msg='先不要做，先学习，再问我要资料。', agent_running=True
13:22:37 interrupt fired: msg='先不要做，先学习，再问我要资料。', children=0, parent._interrupt=True
17:00:20 ENTER: queued interrupt msg='/var/folders/cg/r700rbys7lgbqn285l_j5ph80000gn/T/TemporaryIt', agent_running=True
17:00:20 interrupt fired: msg='/var/folders/cg/r700rbys7lgbqn285l_j5ph80000gn/T/TemporaryIt', children=0, parent._interrupt=True
19:37:32 ENTER: queued interrupt msg='继续', agent_running=True
19:37:32 interrupt fired: msg='继续', children=0, parent._interrupt=True
19:40:08 ENTER: queued interrupt msg='继续', agent_running=True
19:40:08 interrupt fired: msg='继续', children=0, parent._interrupt=True
23:21:51 interrupt fired: msg='不加正文', children=0, parent._interrupt=True
23:21:51 ENTER: queued interrupt msg='不加正文', agent_running=True
23:31:42 interrupt fired: msg='/Users/macpro/Desktop/PosterPresentations.com-A1-Template-JY', children=0, parent._interrupt=True
23:31:42 ENTER: queued interrupt msg='/Users/macpro/Desktop/PosterPresentations.com-A1-Template-JY', agent_running=True
07:12:34 interrupt fired: msg='啥意思', children=0, parent._interrupt=True
07:12:34 ENTER: queued interrupt msg='啥意思', agent_running=True
15:33:52 ENTER: queued interrupt msg='你有检查吗？', agent_running=True
15:33:52 interrupt fired: msg='你有检查吗？', children=0, parent._interrupt=True
19:47:33 ENTER: queued interrupt msg='1', agent_running=True
19:47:33 interrupt fired: msg='1', children=0, parent._interrupt=True
21:19:30 ENTER: queued interrupt msg='为什么登入不上，检查一下', agent_running=True
21:19:30 interrupt fired: msg='为什么登入不上，检查一下', children=0, parent._interrupt=True
21:20:48 ENTER: queued interrupt msg='暂停', agent_running=True
21:20:48 interrupt fired: msg='暂停', children=0, parent._interrupt=True
17:54:15 ENTER: queued interrupt msg='暂停', agent_running=True
17:54:15 interrupt fired: msg='暂停', children=0, parent._interrupt=True
17:55:38 ENTER: queued interrupt msg='你全部推送到之前的备份地址。要求完全和你现在一样。', agent_running=True
17:55:38 interrupt fired: msg='你全部推送到之前的备份地址。要求完全和你现在一样。', children=0, parent._interrupt=True
01:42:12 ENTER: queued interrupt msg='暂停', agent_running=True
01:42:12 interrupt fired: msg='暂停', children=0, parent._interrupt=True
02:16:21 interrupt fired: msg='okx交易风险太高，套利搬砖怎么操作。', children=0, parent._interrupt=True
02:16:21 ENTER: queued interrupt msg='okx交易风险太高，套利搬砖怎么操作。', agent_running=True
02:53:40 ENTER: queued interrupt msg='我就是想知道这些黑u是怎么来的', agent_running=True
02:53:40 interrupt fired: msg='我就是想知道这些黑u是怎么来的', children=0, parent._interrupt=True
18:44:55 interrupt fired: msg='是不是因为系统不同很多东西不对', children=0, parent._interrupt=True
18:44:55 ENTER: queued interrupt msg='是不是因为系统不同很多东西不对', agent_running=True
